2026-01-27 16:40:56,314 [INFO] Starting pipeline. Output: results/exp_029 Device: cuda Selection: abess
2026-01-27 16:40:58,522 [INFO] Loaded train split: Xin=2800 Xout=3000 resize=128 (patients in=70 out=293)
2026-01-27 16:40:59,085 [INFO] Loaded val split: Xin=1040 Xout=750 resize=128 (patients in=26 out=73)
2026-01-27 16:40:59,725 [INFO] Loaded test split: Xin=1040 Xout=830 resize=128 (patients in=26 out=73)
2026-01-27 16:40:59,845 [INFO] Built kernel bank: 1800 kernels
2026-01-27 16:41:24,748 [INFO] Starting pipeline. Output: results/exp_029 Device: cuda Selection: abess
2026-01-27 16:41:26,820 [INFO] Loaded train split: Xin=2800 Xout=3000 resize=128 (patients in=70 out=293)
2026-01-27 16:41:27,395 [INFO] Loaded val split: Xin=1040 Xout=750 resize=128 (patients in=26 out=73)
2026-01-27 16:41:27,987 [INFO] Loaded test split: Xin=1040 Xout=830 resize=128 (patients in=26 out=73)
2026-01-27 16:41:28,100 [INFO] Built kernel bank: 1800 kernels
2026-01-27 17:07:30,477 [INFO] Patient-level grouping enabled (303 unique ids)
2026-01-27 17:07:30,548 [INFO] abess selected kernels (candidate idx): [0, 72, 90]
2026-01-27 17:07:36,714 [INFO] Classifier results: AUC=0.9253 ACC=0.6661
2026-01-27 17:23:03,219 [INFO] Eval val: AUC=0.9059 ACC=0.7615
2026-01-27 17:40:36,786 [INFO] Eval test: AUC=0.9216 ACC=0.7455
2026-01-27 17:40:36,787 [INFO] No kernel pair met correlation threshold 0.000
2026-01-27 17:40:36,825 [INFO] Saved artifacts to results/exp_029
2026-01-27 17:40:36,829 [INFO] Starting pipeline. Output: results/exp_030 Device: cuda Selection: abess
2026-01-27 17:40:38,913 [INFO] Loaded train split: Xin=2800 Xout=3000 resize=128 (patients in=70 out=293)
2026-01-27 17:40:39,543 [INFO] Loaded val split: Xin=1040 Xout=750 resize=128 (patients in=26 out=73)
2026-01-27 17:40:40,177 [INFO] Loaded test split: Xin=1040 Xout=830 resize=128 (patients in=26 out=73)
2026-01-27 17:40:40,300 [INFO] Built kernel bank: 1800 kernels
2026-01-27 18:32:40,812 [INFO] Patient-level grouping enabled (303 unique ids)
2026-01-27 18:32:40,862 [INFO] abess selected kernels (candidate idx): [0, 1, 2, 5, 184]
2026-01-27 18:32:46,063 [INFO] Classifier results: AUC=0.9263 ACC=0.6972
2026-01-27 18:48:31,759 [INFO] Eval val: AUC=0.9075 ACC=0.7838
2026-01-27 19:05:02,003 [INFO] Eval test: AUC=0.9225 ACC=0.7684
2026-01-27 19:05:02,004 [INFO] No kernel pair met correlation threshold 0.000
2026-01-27 19:05:02,028 [INFO] Saved artifacts to results/exp_030
2026-01-27 19:05:02,033 [INFO] Starting pipeline. Output: results/exp_031 Device: cuda Selection: abess
2026-01-27 19:05:04,271 [INFO] Loaded train split: Xin=2800 Xout=3000 resize=128 (patients in=70 out=293)
2026-01-27 19:05:04,940 [INFO] Loaded val split: Xin=1040 Xout=750 resize=128 (patients in=26 out=73)
2026-01-27 19:05:05,619 [INFO] Loaded test split: Xin=1040 Xout=830 resize=128 (patients in=26 out=73)
2026-01-27 19:05:05,741 [INFO] Built kernel bank: 1800 kernels
2026-01-27 19:39:25,476 [INFO] Patient-level grouping enabled (303 unique ids)
2026-01-27 19:39:26,034 [INFO] abess selected kernels (candidate idx): [0, 1, 2, 3, 4, 5, 6, 7, 8, 9, 10, 11, 12, 13, 14, 15, 16, 17, 18, 19, 20, 21, 22, 23, 24, 25, 26, 27, 28, 29, 30, 31, 32, 33, 34, 35, 36, 37, 38, 39, 40, 41, 42, 43, 44, 45, 46, 47, 49, 50, 51, 52, 53, 54, 55, 56, 57, 58, 59, 60, 61, 62, 63, 64, 65, 66, 67, 68, 69, 70, 71, 72, 73, 74, 75, 76, 77, 78, 79, 80, 81, 82, 83, 84, 85, 86, 87, 88, 89, 90, 91, 92, 93, 94, 95, 96, 97, 98, 99, 100, 101, 102, 103, 104, 105, 106, 107, 108, 109, 110, 111, 112, 113, 114, 115, 116, 117, 118, 119, 120, 121, 122, 123, 124, 125, 126, 127, 128, 129, 130, 131, 132, 133, 134, 135, 136, 137, 138, 139, 140, 141, 142, 143, 144, 145, 146, 147, 148, 149, 150, 151, 152, 154, 155, 156, 157, 158, 159, 160, 161, 162, 164, 165, 166, 167, 168, 169, 170, 171, 172, 173, 174, 175, 176, 178, 179, 180, 182, 183, 188, 190, 193, 197, 208, 210, 220, 222, 224, 232, 233, 235, 236, 238, 242, 243, 245, 251, 283, 291, 298]
2026-01-27 19:39:30,802 [INFO] Classifier results: AUC=0.9196 ACC=0.7037
2026-01-27 19:55:03,918 [INFO] Eval val: AUC=0.9095 ACC=0.7849
2026-01-27 20:11:36,638 [INFO] Eval test: AUC=0.9236 ACC=0.7690
2026-01-27 20:11:36,638 [INFO] No kernel pair met correlation threshold 0.000
2026-01-27 20:11:36,661 [INFO] Saved artifacts to results/exp_031
2026-01-27 20:11:36,665 [INFO] Starting pipeline. Output: results/exp_032 Device: cuda Selection: abess
2026-01-27 20:11:38,564 [INFO] Loaded train split: Xin=2800 Xout=3000 resize=128 (patients in=70 out=293)
2026-01-27 20:11:39,127 [INFO] Loaded val split: Xin=1040 Xout=750 resize=128 (patients in=26 out=73)
2026-01-27 20:11:39,720 [INFO] Loaded test split: Xin=1040 Xout=830 resize=128 (patients in=26 out=73)
2026-01-27 20:11:39,830 [INFO] Built kernel bank: 1800 kernels
2026-01-27 21:03:45,769 [INFO] Patient-level grouping enabled (303 unique ids)
2026-01-27 21:03:46,076 [INFO] abess selected kernels (candidate idx): [0, 1, 2, 3, 4, 5, 6, 7, 8, 9, 10, 11, 12, 13, 14, 15, 16, 17, 18, 19, 20, 21, 22, 23, 24, 25, 26, 27, 28, 29, 30, 31, 32, 33, 34, 35, 36, 37, 38, 39, 40, 41, 42, 43, 44, 45, 46, 47, 48, 49, 50, 51, 52, 53, 54, 55, 56, 57, 58, 59, 60, 61, 62, 63, 64, 65, 66, 67, 68, 69, 70, 71, 72, 73, 74, 75, 76, 77, 78, 79, 80, 81, 82, 83, 84, 85, 86, 87, 88, 89, 90, 91, 92, 93, 94, 95, 96, 97, 98, 99, 100, 101, 102, 103, 104, 105, 106, 107, 108, 109, 110, 111, 112, 113, 114, 115, 116, 117, 118, 119, 120, 121, 122, 123, 124, 125, 126, 127, 128, 129, 130, 131, 132, 133, 134, 135, 136, 137, 138, 139, 140, 141, 142, 143, 144, 145, 146, 147, 148, 149, 150, 151, 152, 153, 154, 155, 156, 157, 158, 159, 160, 161, 162, 163, 164, 165, 166, 167, 168, 169, 170, 171, 172, 173, 174, 175, 176, 177, 178, 179, 180, 181, 182, 183, 184, 185, 186, 187, 188, 189, 190, 191, 192, 193, 194, 195, 196, 197, 198, 199, 200, 201, 202, 203, 204, 205, 206, 207, 208, 209, 210, 211, 212, 213, 214, 215, 216, 217, 218, 219, 220, 221, 222, 223, 224, 225, 226, 227, 228, 229, 230, 231, 232, 233, 234, 235, 236, 237, 238, 239, 240, 241, 242, 243, 244, 245, 246, 247, 248, 249, 250, 251, 252, 253, 254, 255, 256, 257, 258, 259, 260, 261, 262, 263, 264, 265, 266, 267, 268, 269, 270, 271, 272, 273, 274, 275, 276, 277, 278, 279, 280, 281, 282, 283, 284, 285, 286, 287, 288, 289, 290, 291, 292, 293, 294, 295, 296, 297, 298, 299]
2026-01-27 21:03:51,633 [INFO] Classifier results: AUC=0.8802 ACC=0.7661
2026-01-27 21:20:02,344 [INFO] Eval val: AUC=0.8824 ACC=0.8028
2026-01-27 21:36:55,497 [INFO] Eval test: AUC=0.8966 ACC=0.8032
2026-01-27 21:36:55,498 [INFO] No kernel pair met correlation threshold 0.000
2026-01-27 21:36:55,527 [INFO] Saved artifacts to results/exp_032
