This is pdfTeX, Version 3.141592653-2.6-1.40.24 (TeX Live 2022/Debian) (preloaded format=pdflatex 2026.1.22)  12 APR 2026 22:22
entering extended mode
 restricted \write18 enabled.
 %&-line parsing enabled.
**master_thesis.tex
(./master_thesis.tex
LaTeX2e <2022-11-01> patch level 1
L3 programming layer <2023-01-16> (./cernatsnote.cls
Document Class: cernatsnote 11/12/2017 version 0.1
(/usr/share/texlive/texmf-dist/tex/latex/base/article.cls
Document Class: article 2022/07/02 v1.4n Standard LaTeX document class
(/usr/share/texlive/texmf-dist/tex/latex/base/size12.clo
File: size12.clo 2022/07/02 v1.4n Standard LaTeX file (size option)
)
\c@part=\count185
\c@section=\count186
\c@subsection=\count187
\c@subsubsection=\count188
\c@paragraph=\count189
\c@subparagraph=\count190
\c@figure=\count191
\c@table=\count192
\abovecaptionskip=\skip48
\belowcaptionskip=\skip49
\bibindent=\dimen140
)
(/usr/share/texlive/texmf-dist/tex/latex/graphics/graphics.sty
Package: graphics 2022/03/10 v1.4e Standard LaTeX Graphics (DPC,SPQR)

(/usr/share/texlive/texmf-dist/tex/latex/graphics/trig.sty
Package: trig 2021/08/11 v1.11 sin cos tan (DPC)
)
(/usr/share/texlive/texmf-dist/tex/latex/graphics-cfg/graphics.cfg
File: graphics.cfg 2016/06/04 v1.11 sample graphics configuration
)
Package graphics Info: Driver file: pdftex.def on input line 107.

(/usr/share/texlive/texmf-dist/tex/latex/graphics-def/pdftex.def
File: pdftex.def 2022/09/22 v1.2b Graphics/color driver for pdftex
))
(/usr/share/texlive/texmf-dist/tex/generic/babel/babel.sty
Package: babel 2022/12/26 3.84 The Babel package
\babel@savecnt=\count193
\U@D=\dimen141
\l@unhyphenated=\language7

(/usr/share/texlive/texmf-dist/tex/generic/babel/txtbabel.def)
\bbl@readstream=\read2
\bbl@dirlevel=\count194

(/usr/share/texlive/texmf-dist/tex/generic/babel-english/UKenglish.ldf
Language: UKenglish 2017/06/06 v3.3r English support from the babel system

(/usr/share/texlive/texmf-dist/tex/generic/babel-english/english.ldf
Language: english 2017/06/06 v3.3r English support from the babel system
Package babel Info: Hyphen rules for 'british' set to \l@english
(babel)             (\language0). Reported on input line 82.
Package babel Info: Hyphen rules for 'UKenglish' set to \l@english
(babel)             (\language0). Reported on input line 83.
Package babel Info: Hyphen rules for 'canadian' set to \l@english
(babel)             (\language0). Reported on input line 102.
Package babel Info: Hyphen rules for 'australian' set to \l@english
(babel)             (\language0). Reported on input line 105.
Package babel Info: Hyphen rules for 'newzealand' set to \l@english
(babel)             (\language0). Reported on input line 108.
)))
(/usr/share/texlive/texmf-dist/tex/generic/babel/locale/en/babel-ukenglish.tex
Package babel Info: Importing font and identification data for UKenglish
(babel)             from babel-en-GB.ini. Reported on input line 11.
) (/usr/share/texlive/texmf-dist/tex/latex/amsmath/amsmath.sty
Package: amsmath 2022/04/08 v2.17n AMS math features
\@mathmargin=\skip50

For additional information on amsmath, use the `?' option.
(/usr/share/texlive/texmf-dist/tex/latex/amsmath/amstext.sty
Package: amstext 2021/08/26 v2.01 AMS text

(/usr/share/texlive/texmf-dist/tex/latex/amsmath/amsgen.sty
File: amsgen.sty 1999/11/30 v2.0 generic functions
\@emptytoks=\toks16
\ex@=\dimen142
))
(/usr/share/texlive/texmf-dist/tex/latex/amsmath/amsbsy.sty
Package: amsbsy 1999/11/29 v1.2d Bold Symbols
\pmbraise@=\dimen143
)
(/usr/share/texlive/texmf-dist/tex/latex/amsmath/amsopn.sty
Package: amsopn 2022/04/08 v2.04 operator names
)
\inf@bad=\count195
LaTeX Info: Redefining \frac on input line 234.
\uproot@=\count196
\leftroot@=\count197
LaTeX Info: Redefining \overline on input line 399.
LaTeX Info: Redefining \colon on input line 410.
\classnum@=\count198
\DOTSCASE@=\count199
LaTeX Info: Redefining \ldots on input line 496.
LaTeX Info: Redefining \dots on input line 499.
LaTeX Info: Redefining \cdots on input line 620.
\Mathstrutbox@=\box51
\strutbox@=\box52
LaTeX Info: Redefining \big on input line 722.
LaTeX Info: Redefining \Big on input line 723.
LaTeX Info: Redefining \bigg on input line 724.
LaTeX Info: Redefining \Bigg on input line 725.
\big@size=\dimen144
LaTeX Font Info:    Redeclaring font encoding OML on input line 743.
LaTeX Font Info:    Redeclaring font encoding OMS on input line 744.
\macc@depth=\count266
LaTeX Info: Redefining \bmod on input line 905.
LaTeX Info: Redefining \pmod on input line 910.
LaTeX Info: Redefining \smash on input line 940.
LaTeX Info: Redefining \relbar on input line 970.
LaTeX Info: Redefining \Relbar on input line 971.
\c@MaxMatrixCols=\count267
\dotsspace@=\muskip16
\c@parentequation=\count268
\dspbrk@lvl=\count269
\tag@help=\toks17
\row@=\count270
\column@=\count271
\maxfields@=\count272
\andhelp@=\toks18
\eqnshift@=\dimen145
\alignsep@=\dimen146
\tagshift@=\dimen147
\tagwidth@=\dimen148
\totwidth@=\dimen149
\lineht@=\dimen150
\@envbody=\toks19
\multlinegap=\skip51
\multlinetaggap=\skip52
\mathdisplay@stack=\toks20
LaTeX Info: Redefining \[ on input line 2953.
LaTeX Info: Redefining \] on input line 2954.
)
(/usr/share/texlive/texmf-dist/tex/latex/hyperref/hyperref.sty
Package: hyperref 2022-11-13 v7.00u Hypertext links for LaTeX

(/usr/share/texlive/texmf-dist/tex/generic/ltxcmds/ltxcmds.sty
Package: ltxcmds 2020-05-10 v1.25 LaTeX kernel commands for general use (HO)
)
(/usr/share/texlive/texmf-dist/tex/generic/iftex/iftex.sty
Package: iftex 2022/02/03 v1.0f TeX engine tests
)
(/usr/share/texlive/texmf-dist/tex/generic/pdftexcmds/pdftexcmds.sty
Package: pdftexcmds 2020-06-27 v0.33 Utility functions of pdfTeX for LuaTeX (HO
)

(/usr/share/texlive/texmf-dist/tex/generic/infwarerr/infwarerr.sty
Package: infwarerr 2019/12/03 v1.5 Providing info/warning/error messages (HO)
)
Package pdftexcmds Info: \pdf@primitive is available.
Package pdftexcmds Info: \pdf@ifprimitive is available.
Package pdftexcmds Info: \pdfdraftmode found.
)
(/usr/share/texlive/texmf-dist/tex/latex/graphics/keyval.sty
Package: keyval 2022/05/29 v1.15 key=value parser (DPC)
\KV@toks@=\toks21
)
(/usr/share/texlive/texmf-dist/tex/latex/kvsetkeys/kvsetkeys.sty
Package: kvsetkeys 2022-10-05 v1.19 Key value parser (HO)
)
(/usr/share/texlive/texmf-dist/tex/generic/kvdefinekeys/kvdefinekeys.sty
Package: kvdefinekeys 2019-12-19 v1.6 Define keys (HO)
)
(/usr/share/texlive/texmf-dist/tex/generic/pdfescape/pdfescape.sty
Package: pdfescape 2019/12/09 v1.15 Implements pdfTeX's escape features (HO)
)
(/usr/share/texlive/texmf-dist/tex/latex/hycolor/hycolor.sty
Package: hycolor 2020-01-27 v1.10 Color options for hyperref/bookmark (HO)
)
(/usr/share/texlive/texmf-dist/tex/latex/letltxmacro/letltxmacro.sty
Package: letltxmacro 2019/12/03 v1.6 Let assignment for LaTeX macros (HO)
)
(/usr/share/texlive/texmf-dist/tex/latex/auxhook/auxhook.sty
Package: auxhook 2019-12-17 v1.6 Hooks for auxiliary files (HO)
)
(/usr/share/texlive/texmf-dist/tex/latex/hyperref/nameref.sty
Package: nameref 2022-05-17 v2.50 Cross-referencing by name of section

(/usr/share/texlive/texmf-dist/tex/latex/refcount/refcount.sty
Package: refcount 2019/12/15 v3.6 Data extraction from label references (HO)
)
(/usr/share/texlive/texmf-dist/tex/generic/gettitlestring/gettitlestring.sty
Package: gettitlestring 2019/12/15 v1.6 Cleanup title references (HO)

(/usr/share/texlive/texmf-dist/tex/latex/kvoptions/kvoptions.sty
Package: kvoptions 2022-06-15 v3.15 Key value format for package options (HO)
))
\c@section@level=\count273
)
\@linkdim=\dimen151
\Hy@linkcounter=\count274
\Hy@pagecounter=\count275

(/usr/share/texlive/texmf-dist/tex/latex/hyperref/pd1enc.def
File: pd1enc.def 2022-11-13 v7.00u Hyperref: PDFDocEncoding definition (HO)
Now handling font encoding PD1 ...
... no UTF-8 mapping file for font encoding PD1
)
(/usr/share/texlive/texmf-dist/tex/generic/intcalc/intcalc.sty
Package: intcalc 2019/12/15 v1.3 Expandable calculations with integers (HO)
)
(/usr/share/texlive/texmf-dist/tex/generic/etexcmds/etexcmds.sty
Package: etexcmds 2019/12/15 v1.7 Avoid name clashes with e-TeX commands (HO)
)
\Hy@SavedSpaceFactor=\count276

(/usr/share/texlive/texmf-dist/tex/latex/hyperref/puenc.def
File: puenc.def 2022-11-13 v7.00u Hyperref: PDF Unicode definition (HO)
Now handling font encoding PU ...
... no UTF-8 mapping file for font encoding PU
)
Package hyperref Info: Hyper figures OFF on input line 4162.
Package hyperref Info: Link nesting OFF on input line 4167.
Package hyperref Info: Hyper index ON on input line 4170.
Package hyperref Info: Plain pages OFF on input line 4177.
Package hyperref Info: Backreferencing OFF on input line 4182.
Package hyperref Info: Implicit mode ON; LaTeX internals redefined.
Package hyperref Info: Bookmarks ON on input line 4410.
\c@Hy@tempcnt=\count277

(/usr/share/texlive/texmf-dist/tex/latex/url/url.sty
\Urlmuskip=\muskip17
Package: url 2013/09/16  ver 3.4  Verb mode for urls, etc.
)
LaTeX Info: Redefining \url on input line 4748.
\XeTeXLinkMargin=\dimen152

(/usr/share/texlive/texmf-dist/tex/generic/bitset/bitset.sty
Package: bitset 2019/12/09 v1.3 Handle bit-vector datatype (HO)

(/usr/share/texlive/texmf-dist/tex/generic/bigintcalc/bigintcalc.sty
Package: bigintcalc 2019/12/15 v1.5 Expandable calculations on big integers (HO
)
))
\Fld@menulength=\count278
\Field@Width=\dimen153
\Fld@charsize=\dimen154
Package hyperref Info: Hyper figures OFF on input line 6027.
Package hyperref Info: Link nesting OFF on input line 6032.
Package hyperref Info: Hyper index ON on input line 6035.
Package hyperref Info: backreferencing OFF on input line 6042.
Package hyperref Info: Link coloring OFF on input line 6047.
Package hyperref Info: Link coloring with OCG OFF on input line 6052.
Package hyperref Info: PDF/A mode OFF on input line 6057.

(/usr/share/texlive/texmf-dist/tex/latex/base/atbegshi-ltx.sty
Package: atbegshi-ltx 2021/01/10 v1.0c Emulation of the original atbegshi
package with kernel methods
)
\Hy@abspage=\count279
\c@Item=\count280
\c@Hfootnote=\count281
)
Package hyperref Info: Driver (autodetected): hpdftex.

(/usr/share/texlive/texmf-dist/tex/latex/hyperref/hpdftex.def
File: hpdftex.def 2022-11-13 v7.00u Hyperref driver for pdfTeX

(/usr/share/texlive/texmf-dist/tex/latex/base/atveryend-ltx.sty
Package: atveryend-ltx 2020/08/19 v1.0a Emulation of the original atveryend pac
kage
with kernel methods
)
\Fld@listcount=\count282
\c@bookmark@seq@number=\count283

(/usr/share/texlive/texmf-dist/tex/latex/rerunfilecheck/rerunfilecheck.sty
Package: rerunfilecheck 2022-07-10 v1.10 Rerun checks for auxiliary files (HO)

(/usr/share/texlive/texmf-dist/tex/generic/uniquecounter/uniquecounter.sty
Package: uniquecounter 2019/12/15 v1.4 Provide unlimited unique counter (HO)
)
Package uniquecounter Info: New unique counter `rerunfilecheck' on input line 2
85.
)
\Hy@SectionHShift=\skip53
)
Package hyperref Info: Option `colorlinks' set `true' on input line 59.

(/usr/share/texlive/texmf-dist/tex/latex/isodate/isodate.sty
Package: isodate 2010/01/03 v2.30 Print dates with different formats (HH)

(/usr/share/texlive/texmf-dist/tex/latex/base/ifthen.sty
Package: ifthen 2022/04/13 v1.1d Standard LaTeX ifthen package (DPC)
)
(/usr/share/texlive/texmf-dist/tex/latex/substr/substr.sty
Package: substr 2009/10/20 v1.2 Handle substrings
\c@su@anzahl=\count284
)
(/usr/share/texlive/texmf-dist/tex/latex/isodate/english.idf
File: english.idf 2010/01/03 v2.30 Language definitions for isodate package (HH
)

Define commands for English date format
)
\c@iso@tmpmonth=\count285
\c@iso@yeartwo=\count286
\c@iso@slash=\count287
\c@iso@minus=\count288
\c@iso@dot=\count289
\c@iso@@slash=\count290
\c@iso@@minus=\count291
\c@iso@@dot=\count292
)) (/usr/share/texlive/texmf-dist/tex/latex/base/fontenc.sty
Package: fontenc 2021/04/29 v2.0v Standard LaTeX package
)
(/usr/share/texlive/texmf-dist/tex/latex/base/inputenc.sty
Package: inputenc 2021/02/14 v1.3d Input encoding file
\inpenc@prehook=\toks22
\inpenc@posthook=\toks23
)
(/usr/share/texmf/tex/latex/lm/lmodern.sty
Package: lmodern 2015/05/01 v1.6.1 Latin Modern Fonts
LaTeX Font Info:    Overwriting symbol font `operators' in version `normal'
(Font)                  OT1/cmr/m/n --> OT1/lmr/m/n on input line 22.
LaTeX Font Info:    Overwriting symbol font `letters' in version `normal'
(Font)                  OML/cmm/m/it --> OML/lmm/m/it on input line 23.
LaTeX Font Info:    Overwriting symbol font `symbols' in version `normal'
(Font)                  OMS/cmsy/m/n --> OMS/lmsy/m/n on input line 24.
LaTeX Font Info:    Overwriting symbol font `largesymbols' in version `normal'
(Font)                  OMX/cmex/m/n --> OMX/lmex/m/n on input line 25.
LaTeX Font Info:    Overwriting symbol font `operators' in version `bold'
(Font)                  OT1/cmr/bx/n --> OT1/lmr/bx/n on input line 26.
LaTeX Font Info:    Overwriting symbol font `letters' in version `bold'
(Font)                  OML/cmm/b/it --> OML/lmm/b/it on input line 27.
LaTeX Font Info:    Overwriting symbol font `symbols' in version `bold'
(Font)                  OMS/cmsy/b/n --> OMS/lmsy/b/n on input line 28.
LaTeX Font Info:    Overwriting symbol font `largesymbols' in version `bold'
(Font)                  OMX/cmex/m/n --> OMX/lmex/m/n on input line 29.
LaTeX Font Info:    Overwriting math alphabet `\mathbf' in version `normal'
(Font)                  OT1/cmr/bx/n --> OT1/lmr/bx/n on input line 31.
LaTeX Font Info:    Overwriting math alphabet `\mathsf' in version `normal'
(Font)                  OT1/cmss/m/n --> OT1/lmss/m/n on input line 32.
LaTeX Font Info:    Overwriting math alphabet `\mathit' in version `normal'
(Font)                  OT1/cmr/m/it --> OT1/lmr/m/it on input line 33.
LaTeX Font Info:    Overwriting math alphabet `\mathtt' in version `normal'
(Font)                  OT1/cmtt/m/n --> OT1/lmtt/m/n on input line 34.
LaTeX Font Info:    Overwriting math alphabet `\mathbf' in version `bold'
(Font)                  OT1/cmr/bx/n --> OT1/lmr/bx/n on input line 35.
LaTeX Font Info:    Overwriting math alphabet `\mathsf' in version `bold'
(Font)                  OT1/cmss/bx/n --> OT1/lmss/bx/n on input line 36.
LaTeX Font Info:    Overwriting math alphabet `\mathit' in version `bold'
(Font)                  OT1/cmr/bx/it --> OT1/lmr/bx/it on input line 37.
LaTeX Font Info:    Overwriting math alphabet `\mathtt' in version `bold'
(Font)                  OT1/cmtt/m/n --> OT1/lmtt/m/n on input line 38.
)
(/usr/share/texlive/texmf-dist/tex/latex/graphics/graphicx.sty
Package: graphicx 2021/09/16 v1.2d Enhanced LaTeX Graphics (DPC,SPQR)
\Gin@req@height=\dimen155
\Gin@req@width=\dimen156
)
(/usr/share/texlive/texmf-dist/tex/latex/booktabs/booktabs.sty
Package: booktabs 2020/01/12 v1.61803398 Publication quality tables
\heavyrulewidth=\dimen157
\lightrulewidth=\dimen158
\cmidrulewidth=\dimen159
\belowrulesep=\dimen160
\belowbottomsep=\dimen161
\aboverulesep=\dimen162
\abovetopsep=\dimen163
\cmidrulesep=\dimen164
\cmidrulekern=\dimen165
\defaultaddspace=\dimen166
\@cmidla=\count293
\@cmidlb=\count294
\@aboverulesep=\dimen167
\@belowrulesep=\dimen168
\@thisruleclass=\count295
\@lastruleclass=\count296
\@thisrulewidth=\dimen169
)
(/usr/share/texlive/texmf-dist/tex/latex/tools/longtable.sty
Package: longtable 2021-09-01 v4.17 Multi-page Table package (DPC)
\LTleft=\skip54
\LTright=\skip55
\LTpre=\skip56
\LTpost=\skip57
\LTchunksize=\count297
\LTcapwidth=\dimen170
\LT@head=\box53
\LT@firsthead=\box54
\LT@foot=\box55
\LT@lastfoot=\box56
\LT@gbox=\box57
\LT@cols=\count298
\LT@rows=\count299
\c@LT@tables=\count300
\c@LT@chunks=\count301
\LT@p@ftn=\toks24
)
(/usr/share/texlive/texmf-dist/tex/latex/tools/array.sty
Package: array 2022/09/04 v2.5g Tabular extension package (FMi)
\col@sep=\dimen171
\ar@mcellbox=\box58
\extrarowheight=\dimen172
\NC@list=\toks25
\extratabsurround=\skip58
\backup@length=\skip59
\ar@cellbox=\box59
)
(/usr/share/texlive/texmf-dist/tex/latex/enumitem/enumitem.sty
Package: enumitem 2019/06/20 v3.9 Customized lists
\labelindent=\skip60
\enit@outerparindent=\dimen173
\enit@toks=\toks26
\enit@inbox=\box60
\enit@count@id=\count302
\enitdp@description=\count303
)
(/usr/share/texlive/texmf-dist/tex/latex/float/float.sty
Package: float 2001/11/08 v1.3d Float enhancements (AL)
\c@float@type=\count304
\float@exts=\toks27
\float@box=\box61
\@float@everytoks=\toks28
\@floatcapt=\box62
)
(/usr/share/texlive/texmf-dist/tex/latex/caption/caption.sty
Package: caption 2022/03/01 v3.6b Customizing captions (AR)

(/usr/share/texlive/texmf-dist/tex/latex/caption/caption3.sty
Package: caption3 2022/03/17 v2.3b caption3 kernel (AR)
\caption@tempdima=\dimen174
\captionmargin=\dimen175
\caption@leftmargin=\dimen176
\caption@rightmargin=\dimen177
\caption@width=\dimen178
\caption@indent=\dimen179
\caption@parindent=\dimen180
\caption@hangindent=\dimen181
Package caption Info: Standard document class detected.
)
\c@caption@flags=\count305
\c@continuedfloat=\count306
Package caption Info: float package is loaded.
Package caption Info: hyperref package is loaded.
Package caption Info: longtable package is loaded.

(/usr/share/texlive/texmf-dist/tex/latex/caption/ltcaption.sty
Package: ltcaption 2021/01/08 v1.4c longtable captions (AR)
))
(/usr/share/texlive/texmf-dist/tex/latex/natbib/natbib.sty
Package: natbib 2010/09/13 8.31b (PWD, AO)
\bibhang=\skip61
\bibsep=\skip62
LaTeX Info: Redefining \cite on input line 694.
\c@NAT@ctr=\count307
)
(/usr/share/texlive/texmf-dist/tex/latex/setspace/setspace.sty
Package: setspace 2022/12/04 v6.7b set line spacing
)
Package hyperref Info: Option `colorlinks' set `true' on input line 23.
LaTeX Font Info:    Trying to load font information for T1+lmr on input line 47
.

(/usr/share/texmf/tex/latex/lm/t1lmr.fd
File: t1lmr.fd 2015/05/01 v1.6.1 Font defs for Latin Modern
)
(/usr/share/texlive/texmf-dist/tex/latex/l3backend/l3backend-pdftex.def
File: l3backend-pdftex.def 2023-01-16 L3 backend support: PDF output (pdfTeX)
\l__color_backend_stack_int=\count308
\l__pdf_internal_box=\box63
)
(./master_thesis.aux)
\openout1 = `master_thesis.aux'.

LaTeX Font Info:    Checking defaults for OML/cmm/m/it on input line 47.
LaTeX Font Info:    ... okay on input line 47.
LaTeX Font Info:    Checking defaults for OMS/cmsy/m/n on input line 47.
LaTeX Font Info:    ... okay on input line 47.
LaTeX Font Info:    Checking defaults for OT1/cmr/m/n on input line 47.
LaTeX Font Info:    ... okay on input line 47.
LaTeX Font Info:    Checking defaults for T1/cmr/m/n on input line 47.
LaTeX Font Info:    ... okay on input line 47.
LaTeX Font Info:    Checking defaults for TS1/cmr/m/n on input line 47.
LaTeX Font Info:    ... okay on input line 47.
LaTeX Font Info:    Checking defaults for OMX/cmex/m/n on input line 47.
LaTeX Font Info:    ... okay on input line 47.
LaTeX Font Info:    Checking defaults for U/cmr/m/n on input line 47.
LaTeX Font Info:    ... okay on input line 47.
LaTeX Font Info:    Checking defaults for PD1/pdf/m/n on input line 47.
LaTeX Font Info:    ... okay on input line 47.
LaTeX Font Info:    Checking defaults for PU/pdf/m/n on input line 47.
LaTeX Font Info:    ... okay on input line 47.

(/usr/share/texlive/texmf-dist/tex/context/base/mkii/supp-pdf.mkii
[Loading MPS to PDF converter (version 2006.09.02).]
\scratchcounter=\count309
\scratchdimen=\dimen182
\scratchbox=\box64
\nofMPsegments=\count310
\nofMParguments=\count311
\everyMPshowfont=\toks29
\MPscratchCnt=\count312
\MPscratchDim=\dimen183
\MPnumerator=\count313
\makeMPintoPDFobject=\count314
\everyMPtoPDFconversion=\toks30
) (/usr/share/texlive/texmf-dist/tex/latex/epstopdf-pkg/epstopdf-base.sty
Package: epstopdf-base 2020-01-24 v2.11 Base part for package epstopdf
Package epstopdf-base Info: Redefining graphics rule for `.eps' on input line 4
85.

(/usr/share/texlive/texmf-dist/tex/latex/latexconfig/epstopdf-sys.cfg
File: epstopdf-sys.cfg 2010/07/13 v1.3 Configuration of (r)epstopdf for TeX Liv
e
))
(/usr/share/texlive/texmf-dist/tex/latex/graphics/color.sty
Package: color 2022/01/06 v1.3d Standard LaTeX Color (DPC)

(/usr/share/texlive/texmf-dist/tex/latex/graphics-cfg/color.cfg
File: color.cfg 2016/01/02 v1.6 sample color configuration
)
Package color Info: Driver file: pdftex.def on input line 149.

(/usr/share/texlive/texmf-dist/tex/latex/graphics/mathcolor.ltx))
Package hyperref Info: Link coloring ON on input line 47.

(./master_thesis.out) (./master_thesis.out)
\@outlinefile=\write3
\openout3 = `master_thesis.out'.


isodate: babel.sty has been loaded
Package caption Info: Begin \AtBeginDocument code.
Package caption Info: End \AtBeginDocument code.
LaTeX Font Info:    Trying to load font information for OT1+lmr on input line 5
0.
(/usr/share/texmf/tex/latex/lm/ot1lmr.fd
File: ot1lmr.fd 2015/05/01 v1.6.1 Font defs for Latin Modern
)
LaTeX Font Info:    Trying to load font information for OML+lmm on input line 5
0.

(/usr/share/texmf/tex/latex/lm/omllmm.fd
File: omllmm.fd 2015/05/01 v1.6.1 Font defs for Latin Modern
)
LaTeX Font Info:    Trying to load font information for OMS+lmsy on input line 
50.

(/usr/share/texmf/tex/latex/lm/omslmsy.fd
File: omslmsy.fd 2015/05/01 v1.6.1 Font defs for Latin Modern
)
LaTeX Font Info:    Trying to load font information for OMX+lmex on input line 
50.

(/usr/share/texmf/tex/latex/lm/omxlmex.fd
File: omxlmex.fd 2015/05/01 v1.6.1 Font defs for Latin Modern
)
LaTeX Font Info:    External font `lmex10' loaded for size
(Font)              <12> on input line 50.
LaTeX Font Info:    External font `lmex10' loaded for size
(Font)              <8> on input line 50.
LaTeX Font Info:    External font `lmex10' loaded for size
(Font)              <6> on input line 50.
<./logo.png, id=160, 310.15875pt x 310.15875pt>
File: ./logo.png Graphic file (type png)
<use ./logo.png>
Package pdftex.def Info: ./logo.png  used on input line 50.
(pdftex.def)             Requested size: 99.58464pt x 99.5841pt.
LaTeX Font Info:    Trying to load font information for T1+lmtt on input line 5
0.

(/usr/share/texmf/tex/latex/lm/t1lmtt.fd
File: t1lmtt.fd 2015/05/01 v1.6.1 Font defs for Latin Modern
) [1

{/var/lib/texmf/fonts/map/pdftex/updmap/pdftex.map} <./logo.png>] (./master_the
sis.toc [2])
\tf@toc=\write4
\openout4 = `master_thesis.toc'.

 [3]
pdfTeX warning (ext4): destination with the same identifier (name{page.1}) has 
been already used, duplicate ignored
<to be read again> 
                   \relax 
l.90     \item H
                ow do sampling, composition, and rotation-aware design affec...
[1

]
pdfTeX warning (ext4): destination with the same identifier (name{page.2}) has 
been already used, duplicate ignored
<to be read again> 
                   \relax 
l.109 
       [2]
pdfTeX warning (ext4): destination with the same identifier (name{page.3}) has 
been already used, duplicate ignored
<to be read again> 
                   \relax 
l.120 T
       he present thesis takes an intrinsically interpretable path. Rather t...
[3] [4]
<../Reports/figures/normal/IMG086.png, id=277, 4769.82pt x 6022.5pt>
File: ../Reports/figures/normal/IMG086.png Graphic file (type png)
<use ../Reports/figures/normal/IMG086.png>
Package pdftex.def Info: ../Reports/figures/normal/IMG086.png  used on input li
ne 140.
(pdftex.def)             Requested size: 225.34381pt x 284.50949pt.
<../Reports/figures/normal/IMG187.png, id=278, 4767.8125pt x 6022.5pt>
File: ../Reports/figures/normal/IMG187.png Graphic file (type png)
<use ../Reports/figures/normal/IMG187.png>
Package pdftex.def Info: ../Reports/figures/normal/IMG187.png  used on input li
ne 141.
(pdftex.def)             Requested size: 225.34381pt x 284.6014pt.
<../Reports/figures/normal/IMG440.png, id=279, 4761.79pt x 6022.5pt>
File: ../Reports/figures/normal/IMG440.png Graphic file (type png)
<use ../Reports/figures/normal/IMG440.png>
Package pdftex.def Info: ../Reports/figures/normal/IMG440.png  used on input li
ne 142.
(pdftex.def)             Requested size: 225.34381pt x 284.96898pt.
<../Reports/figures/normal/IMG459.png, id=280, 4753.76pt x 6022.5pt>
File: ../Reports/figures/normal/IMG459.png Graphic file (type png)
<use ../Reports/figures/normal/IMG459.png>
Package pdftex.def Info: ../Reports/figures/normal/IMG459.png  used on input li
ne 143.
(pdftex.def)             Requested size: 225.34381pt x 285.42845pt.
 [5] [6 <../Reports/figures/normal/IMG086.png> <../Reports/figures/normal/IMG18
7.png> <../Reports/figures/normal/IMG440.png> <../Reports/figures/normal/IMG459
.png>] [7]
LaTeX Font Info:    Trying to load font information for TS1+lmr on input line 1
80.
 (/usr/share/texmf/tex/latex/lm/ts1lmr.fd
File: ts1lmr.fd 2015/05/01 v1.6.1 Font defs for Latin Modern
) [8] [9] [10]
[11] [12]
<../Reports/figures/exp_022_mmr_selected_kernels.png, id=341, 433.62pt x 216.81
pt>
File: ../Reports/figures/exp_022_mmr_selected_kernels.png Graphic file (type pn
g)
<use ../Reports/figures/exp_022_mmr_selected_kernels.png>
Package pdftex.def Info: ../Reports/figures/exp_022_mmr_selected_kernels.png  u
sed on input line 313.
(pdftex.def)             Requested size: 431.91196pt x 215.96585pt.
 [13 <../Reports/figures/exp_022_mmr_selected_kernels.png>]
<../results/exp_019/heatmaps/IMG483.tif_heatmap.png, id=349, 1011.78pt x 505.89
pt>
File: ../results/exp_019/heatmaps/IMG483.tif_heatmap.png Graphic file (type png
)
<use ../results/exp_019/heatmaps/IMG483.tif_heatmap.png>
Package pdftex.def Info: ../results/exp_019/heatmaps/IMG483.tif_heatmap.png  us
ed on input line 325.
(pdftex.def)             Requested size: 225.34381pt x 112.67017pt.
<../results/exp_019/heatmaps/IMG033.tif_heatmap.png, id=350, 1011.78pt x 505.89
pt>
File: ../results/exp_019/heatmaps/IMG033.tif_heatmap.png Graphic file (type png
)
<use ../results/exp_019/heatmaps/IMG033.tif_heatmap.png>
Package pdftex.def Info: ../results/exp_019/heatmaps/IMG033.tif_heatmap.png  us
ed on input line 326.
(pdftex.def)             Requested size: 225.34381pt x 112.67017pt.
<../results/exp_019/heatmaps/IMG263.tif_heatmap.png, id=351, 1011.78pt x 505.89
pt>
File: ../results/exp_019/heatmaps/IMG263.tif_heatmap.png Graphic file (type png
)
<use ../results/exp_019/heatmaps/IMG263.tif_heatmap.png>
Package pdftex.def Info: ../results/exp_019/heatmaps/IMG263.tif_heatmap.png  us
ed on input line 327.
(pdftex.def)             Requested size: 225.34381pt x 112.67017pt.
<../results/exp_019/heatmaps/IMG351.tif_heatmap.png, id=352, 1011.78pt x 505.89
pt>
File: ../results/exp_019/heatmaps/IMG351.tif_heatmap.png Graphic file (type png
)
<use ../results/exp_019/heatmaps/IMG351.tif_heatmap.png>
Package pdftex.def Info: ../results/exp_019/heatmaps/IMG351.tif_heatmap.png  us
ed on input line 328.
(pdftex.def)             Requested size: 225.34381pt x 112.67017pt.
LaTeX Font Info:    External font `lmex10' loaded for size
(Font)              <10.95> on input line 343.
 [14 <../results/exp_019/heatmaps/IMG483.tif_heatmap.png> <../results/exp_019/h
eatmaps/IMG033.tif_heatmap.png> <../results/exp_019/heatmaps/IMG263.tif_heatmap
.png> <../results/exp_019/heatmaps/IMG351.tif_heatmap.png>]
<../results/exp_022_mmr_n1_k1/heatmaps_side_by_side.png, id=364, 1630.09pt x 10
27.84pt>
File: ../results/exp_022_mmr_n1_k1/heatmaps_side_by_side.png Graphic file (type
 png)
<use ../results/exp_022_mmr_n1_k1/heatmaps_side_by_side.png>
Package pdftex.def Info: ../results/exp_022_mmr_n1_k1/heatmaps_side_by_side.png
  used on input line 360.
(pdftex.def)             Requested size: 225.34381pt x 142.07732pt.
<../results/exp_022_mmr_n10_k3/heatmaps_side_by_side.png, id=365, 1630.09pt x 1
027.84pt>
File: ../results/exp_022_mmr_n10_k3/heatmaps_side_by_side.png Graphic file (typ
e png)
<use ../results/exp_022_mmr_n10_k3/heatmaps_side_by_side.png>
Package pdftex.def Info: ../results/exp_022_mmr_n10_k3/heatmaps_side_by_side.pn
g  used on input line 361.
(pdftex.def)             Requested size: 225.34381pt x 142.07732pt.
<../results/exp_022/composite_kernels_grid.png, id=367, 742.9356pt x 341.8371pt
>
File: ../results/exp_022/composite_kernels_grid.png Graphic file (type png)
<use ../results/exp_022/composite_kernels_grid.png>
Package pdftex.def Info: ../results/exp_022/composite_kernels_grid.png  used on
 input line 375.
(pdftex.def)             Requested size: 431.91196pt x 198.73508pt.
 [15 <../results/exp_022_mmr_n1_k1/heatmaps_side_by_side.png (PNG copy)> <../re
sults/exp_022_mmr_n10_k3/heatmaps_side_by_side.png (PNG copy)>] [16 <../results
/exp_022/composite_kernels_grid.png>]
<../Reports/figures/rotation_error_difference_barplot.png, id=383, 1004.553pt x
 389.7762pt>
File: ../Reports/figures/rotation_error_difference_barplot.png Graphic file (ty
pe png)
<use ../Reports/figures/rotation_error_difference_barplot.png>
Package pdftex.def Info: ../Reports/figures/rotation_error_difference_barplot.p
ng  used on input line 408.
(pdftex.def)             Requested size: 422.52054pt x 163.94278pt.
 [17 <../Reports/figures/rotation_error_difference_barplot.png>]
<../results/triangular_square_shape_sensitive/exp_001/heatmaps_pairs/IMG015_pai
r.png, id=390, 2030.58624pt x 1164.35pt>
File: ../results/triangular_square_shape_sensitive/exp_001/heatmaps_pairs/IMG01
5_pair.png Graphic file (type png)
<use ../results/triangular_square_shape_sensitive/exp_001/heatmaps_pairs/IMG015
_pair.png>
Package pdftex.def Info: ../results/triangular_square_shape_sensitive/exp_001/h
eatmaps_pairs/IMG015_pair.png  used on input line 434.
(pdftex.def)             Requested size: 225.34381pt x 129.19818pt.
<../Reports/figures/radial_single_kernel_heatmap.png, id=391, 766.33997pt x 313
.54062pt>
File: ../Reports/figures/radial_single_kernel_heatmap.png Graphic file (type pn
g)
<use ../Reports/figures/radial_single_kernel_heatmap.png>
Package pdftex.def Info: ../Reports/figures/radial_single_kernel_heatmap.png  u
sed on input line 435.
(pdftex.def)             Requested size: 225.34381pt x 92.19705pt.
 [18]
<../Reports/figures/radial_learnable_radius_summary.png, id=398, 967.104pt x 29
4.336pt>
File: ../Reports/figures/radial_learnable_radius_summary.png Graphic file (type
 png)
<use ../Reports/figures/radial_learnable_radius_summary.png>
Package pdftex.def Info: ../Reports/figures/radial_learnable_radius_summary.png
  used on input line 449.
(pdftex.def)             Requested size: 450.69478pt x 137.16573pt.
<../Reports/figures/radial_kernel_from_scratch_heatmap.png, id=399, 966.9726pt 
x 329.5512pt>
File: ../Reports/figures/radial_kernel_from_scratch_heatmap.png Graphic file (t
ype png)
<use ../Reports/figures/radial_kernel_from_scratch_heatmap.png>
Package pdftex.def Info: ../Reports/figures/radial_kernel_from_scratch_heatmap.
png  used on input line 456.
(pdftex.def)             Requested size: 450.69478pt x 153.59674pt.

[19 <../results/triangular_square_shape_sensitive/exp_001/heatmaps_pairs/IMG015
_pair.png (PNG copy)> <../Reports/figures/radial_single_kernel_heatmap.png> <..
/Reports/figures/radial_learnable_radius_summary.png>] [20 <../Reports/figures/
radial_kernel_from_scratch_heatmap.png>]
<../Reports/figures/radial_learnable_radius_multi_panel.png, id=418, 1443.2319p
t x 281.853pt>
File: ../Reports/figures/radial_learnable_radius_multi_panel.png Graphic file (
type png)
<use ../Reports/figures/radial_learnable_radius_multi_panel.png>
Package pdftex.def Info: ../Reports/figures/radial_learnable_radius_multi_panel
.png  used on input line 487.
(pdftex.def)             Requested size: 450.69478pt x 88.01433pt.
 [21] (./master_thesis.bbl [22 <../Reports/figures/radial_learnable_radius_mult
i_panel.png>]) [23]
(./master_thesis.aux)
Package rerunfilecheck Info: File `master_thesis.out' has not changed.
(rerunfilecheck)             Checksum: 13A40B7B966D1F04831E142D05818B21;7678.
 ) 
Here is how much of TeX's memory you used:
 13386 strings out of 477975
 223384 string characters out of 5839281
 1863330 words of memory out of 5000000
 33181 multiletter control sequences out of 15000+600000
 559886 words of font info for 59 fonts, out of 8000000 for 9000
 59 hyphenation exceptions out of 8191
 90i,12n,90p,942b,597s stack positions out of 10000i,1000n,20000p,200000b,200000s
{/usr/share/texmf/fonts/enc/dvips/lm/lm-mathex.enc}{/usr/share/texmf/fonts/en
c/dvips/lm/lm-ec.enc}{/usr/share/texmf/fonts/enc/dvips/lm/lm-mathsy.enc}{/usr/s
hare/texmf/fonts/enc/dvips/lm/lm-rm.enc}{/usr/share/texmf/fonts/enc/dvips/lm/lm
-mathit.enc}{/usr/share/texmf/fonts/enc/dvips/lm/lm-ts1.enc}</usr/share/texmf/f
onts/type1/public/lm/lmbx12.pfb></usr/share/texmf/fonts/type1/public/lm/lmex10.
pfb></usr/share/texmf/fonts/type1/public/lm/lmmi12.pfb></usr/share/texmf/fonts/
type1/public/lm/lmmi8.pfb></usr/share/texmf/fonts/type1/public/lm/lmr10.pfb></u
sr/share/texmf/fonts/type1/public/lm/lmr12.pfb></usr/share/texmf/fonts/type1/pu
blic/lm/lmr8.pfb></usr/share/texmf/fonts/type1/public/lm/lmri12.pfb></usr/share
/texmf/fonts/type1/public/lm/lmsy10.pfb></usr/share/texmf/fonts/type1/public/lm
/lmsy8.pfb></usr/share/texmf/fonts/type1/public/lm/lmtt12.pfb>
Output written on master_thesis.pdf (26 pages, 39887332 bytes).
PDF statistics:
 523 PDF objects out of 1000 (max. 8388607)
 430 compressed objects within 5 object streams
 106 named destinations out of 1000 (max. 500000)
 408 words of extra memory for PDF output out of 10000 (max. 10000000)

