This is pdfTeX, Version 3.141592653-2.6-1.40.24 (TeX Live 2022/Debian) (preloaded format=pdflatex 2026.1.22)  8 MAY 2026 15:26
entering extended mode
 restricted \write18 enabled.
 %&-line parsing enabled.
**/home/masoud/Projects/Kernel_Based_Cancer_Classification/publication/comparison_table.tex
(/home/masoud/Projects/Kernel_Based_Cancer_Classification/publication/comparison_table.tex
LaTeX2e <2022-11-01> patch level 1
L3 programming layer <2023-01-16> (/usr/share/texlive/texmf-dist/tex/latex/base/article.cls
Document Class: article 2022/07/02 v1.4n Standard LaTeX document class
(/usr/share/texlive/texmf-dist/tex/latex/base/size10.clo
File: size10.clo 2022/07/02 v1.4n Standard LaTeX file (size option)
)
\c@part=\count185
\c@section=\count186
\c@subsection=\count187
\c@subsubsection=\count188
\c@paragraph=\count189
\c@subparagraph=\count190
\c@figure=\count191
\c@table=\count192
\abovecaptionskip=\skip48
\belowcaptionskip=\skip49
\bibindent=\dimen140
) (/usr/share/texlive/texmf-dist/tex/latex/geometry/geometry.sty
Package: geometry 2020/01/02 v5.9 Page Geometry
 (/usr/share/texlive/texmf-dist/tex/latex/graphics/keyval.sty
Package: keyval 2022/05/29 v1.15 key=value parser (DPC)
\KV@toks@=\toks16
) (/usr/share/texlive/texmf-dist/tex/generic/iftex/ifvtex.sty
Package: ifvtex 2019/10/25 v1.7 ifvtex legacy package. Use iftex instead.
 (/usr/share/texlive/texmf-dist/tex/generic/iftex/iftex.sty
Package: iftex 2022/02/03 v1.0f TeX engine tests
))
\Gm@cnth=\count193
\Gm@cntv=\count194
\c@Gm@tempcnt=\count195
\Gm@bindingoffset=\dimen141
\Gm@wd@mp=\dimen142
\Gm@odd@mp=\dimen143
\Gm@even@mp=\dimen144
\Gm@layoutwidth=\dimen145
\Gm@layoutheight=\dimen146
\Gm@layouthoffset=\dimen147
\Gm@layoutvoffset=\dimen148
\Gm@dimlist=\toks17
) (/usr/share/texlive/texmf-dist/tex/latex/booktabs/booktabs.sty
Package: booktabs 2020/01/12 v1.61803398 Publication quality tables
\heavyrulewidth=\dimen149
\lightrulewidth=\dimen150
\cmidrulewidth=\dimen151
\belowrulesep=\dimen152
\belowbottomsep=\dimen153
\aboverulesep=\dimen154
\abovetopsep=\dimen155
\cmidrulesep=\dimen156
\cmidrulekern=\dimen157
\defaultaddspace=\dimen158
\@cmidla=\count196
\@cmidlb=\count197
\@aboverulesep=\dimen159
\@belowrulesep=\dimen160
\@thisruleclass=\count198
\@lastruleclass=\count199
\@thisrulewidth=\dimen161
) (/usr/share/texlive/texmf-dist/tex/latex/tools/longtable.sty
Package: longtable 2021-09-01 v4.17 Multi-page Table package (DPC)
\LTleft=\skip50
\LTright=\skip51
\LTpre=\skip52
\LTpost=\skip53
\LTchunksize=\count266
\LTcapwidth=\dimen162
\LT@head=\box51
\LT@firsthead=\box52
\LT@foot=\box53
\LT@lastfoot=\box54
\LT@gbox=\box55
\LT@cols=\count267
\LT@rows=\count268
\c@LT@tables=\count269
\c@LT@chunks=\count270
\LT@p@ftn=\toks18
) (/usr/share/texlive/texmf-dist/tex/latex/tools/array.sty
Package: array 2022/09/04 v2.5g Tabular extension package (FMi)
\col@sep=\dimen163
\ar@mcellbox=\box56
\extrarowheight=\dimen164
\NC@list=\toks19
\extratabsurround=\skip54
\backup@length=\skip55
\ar@cellbox=\box57
) (/usr/share/texlive/texmf-dist/tex/latex/hyperref/hyperref.sty
Package: hyperref 2022-11-13 v7.00u Hypertext links for LaTeX
 (/usr/share/texlive/texmf-dist/tex/generic/ltxcmds/ltxcmds.sty
Package: ltxcmds 2020-05-10 v1.25 LaTeX kernel commands for general use (HO)
) (/usr/share/texlive/texmf-dist/tex/generic/pdftexcmds/pdftexcmds.sty
Package: pdftexcmds 2020-06-27 v0.33 Utility functions of pdfTeX for LuaTeX (HO)
 (/usr/share/texlive/texmf-dist/tex/generic/infwarerr/infwarerr.sty
Package: infwarerr 2019/12/03 v1.5 Providing info/warning/error messages (HO)
)
Package pdftexcmds Info: \pdf@primitive is available.
Package pdftexcmds Info: \pdf@ifprimitive is available.
Package pdftexcmds Info: \pdfdraftmode found.
) (/usr/share/texlive/texmf-dist/tex/latex/kvsetkeys/kvsetkeys.sty
Package: kvsetkeys 2022-10-05 v1.19 Key value parser (HO)
) (/usr/share/texlive/texmf-dist/tex/generic/kvdefinekeys/kvdefinekeys.sty
Package: kvdefinekeys 2019-12-19 v1.6 Define keys (HO)
) (/usr/share/texlive/texmf-dist/tex/generic/pdfescape/pdfescape.sty
Package: pdfescape 2019/12/09 v1.15 Implements pdfTeX's escape features (HO)
) (/usr/share/texlive/texmf-dist/tex/latex/hycolor/hycolor.sty
Package: hycolor 2020-01-27 v1.10 Color options for hyperref/bookmark (HO)
) (/usr/share/texlive/texmf-dist/tex/latex/letltxmacro/letltxmacro.sty
Package: letltxmacro 2019/12/03 v1.6 Let assignment for LaTeX macros (HO)
) (/usr/share/texlive/texmf-dist/tex/latex/auxhook/auxhook.sty
Package: auxhook 2019-12-17 v1.6 Hooks for auxiliary files (HO)
) (/usr/share/texlive/texmf-dist/tex/latex/hyperref/nameref.sty
Package: nameref 2022-05-17 v2.50 Cross-referencing by name of section
 (/usr/share/texlive/texmf-dist/tex/latex/refcount/refcount.sty
Package: refcount 2019/12/15 v3.6 Data extraction from label references (HO)
) (/usr/share/texlive/texmf-dist/tex/generic/gettitlestring/gettitlestring.sty
Package: gettitlestring 2019/12/15 v1.6 Cleanup title references (HO)
 (/usr/share/texlive/texmf-dist/tex/latex/kvoptions/kvoptions.sty
Package: kvoptions 2022-06-15 v3.15 Key value format for package options (HO)
))
\c@section@level=\count271
)
\@linkdim=\dimen165
\Hy@linkcounter=\count272
\Hy@pagecounter=\count273
 (/usr/share/texlive/texmf-dist/tex/latex/hyperref/pd1enc.def
File: pd1enc.def 2022-11-13 v7.00u Hyperref: PDFDocEncoding definition (HO)
Now handling font encoding PD1 ...
... no UTF-8 mapping file for font encoding PD1
) (/usr/share/texlive/texmf-dist/tex/generic/intcalc/intcalc.sty
Package: intcalc 2019/12/15 v1.3 Expandable calculations with integers (HO)
) (/usr/share/texlive/texmf-dist/tex/generic/etexcmds/etexcmds.sty
Package: etexcmds 2019/12/15 v1.7 Avoid name clashes with e-TeX commands (HO)
)
\Hy@SavedSpaceFactor=\count274
 (/usr/share/texlive/texmf-dist/tex/latex/hyperref/puenc.def
File: puenc.def 2022-11-13 v7.00u Hyperref: PDF Unicode definition (HO)
Now handling font encoding PU ...
... no UTF-8 mapping file for font encoding PU
)
Package hyperref Info: Hyper figures OFF on input line 4162.
Package hyperref Info: Link nesting OFF on input line 4167.
Package hyperref Info: Hyper index ON on input line 4170.
Package hyperref Info: Plain pages OFF on input line 4177.
Package hyperref Info: Backreferencing OFF on input line 4182.
Package hyperref Info: Implicit mode ON; LaTeX internals redefined.
Package hyperref Info: Bookmarks ON on input line 4410.
\c@Hy@tempcnt=\count275
 (/usr/share/texlive/texmf-dist/tex/latex/url/url.sty
\Urlmuskip=\muskip16
Package: url 2013/09/16  ver 3.4  Verb mode for urls, etc.
)
LaTeX Info: Redefining \url on input line 4748.
\XeTeXLinkMargin=\dimen166
 (/usr/share/texlive/texmf-dist/tex/generic/bitset/bitset.sty
Package: bitset 2019/12/09 v1.3 Handle bit-vector datatype (HO)
 (/usr/share/texlive/texmf-dist/tex/generic/bigintcalc/bigintcalc.sty
Package: bigintcalc 2019/12/15 v1.5 Expandable calculations on big integers (HO)
))
\Fld@menulength=\count276
\Field@Width=\dimen167
\Fld@charsize=\dimen168
Package hyperref Info: Hyper figures OFF on input line 6027.
Package hyperref Info: Link nesting OFF on input line 6032.
Package hyperref Info: Hyper index ON on input line 6035.
Package hyperref Info: backreferencing OFF on input line 6042.
Package hyperref Info: Link coloring OFF on input line 6047.
Package hyperref Info: Link coloring with OCG OFF on input line 6052.
Package hyperref Info: PDF/A mode OFF on input line 6057.
 (/usr/share/texlive/texmf-dist/tex/latex/base/atbegshi-ltx.sty
Package: atbegshi-ltx 2021/01/10 v1.0c Emulation of the original atbegshi
package with kernel methods
)
\Hy@abspage=\count277
\c@Item=\count278
\c@Hfootnote=\count279
)
Package hyperref Info: Driver (autodetected): hpdftex.
 (/usr/share/texlive/texmf-dist/tex/latex/hyperref/hpdftex.def
File: hpdftex.def 2022-11-13 v7.00u Hyperref driver for pdfTeX
 (/usr/share/texlive/texmf-dist/tex/latex/base/atveryend-ltx.sty
Package: atveryend-ltx 2020/08/19 v1.0a Emulation of the original atveryend package
with kernel methods
)
\Fld@listcount=\count280
\c@bookmark@seq@number=\count281
 (/usr/share/texlive/texmf-dist/tex/latex/rerunfilecheck/rerunfilecheck.sty
Package: rerunfilecheck 2022-07-10 v1.10 Rerun checks for auxiliary files (HO)
 (/usr/share/texlive/texmf-dist/tex/generic/uniquecounter/uniquecounter.sty
Package: uniquecounter 2019/12/15 v1.4 Provide unlimited unique counter (HO)
)
Package uniquecounter Info: New unique counter `rerunfilecheck' on input line 285.
)
\Hy@SectionHShift=\skip56
) (/usr/share/texlive/texmf-dist/tex/latex/xurl/xurl.sty
Package: xurl 2022/01/09 v 0.10 modify URL breaks
) (/usr/share/texlive/texmf-dist/tex/latex/l3backend/l3backend-pdftex.def
File: l3backend-pdftex.def 2023-01-16 L3 backend support: PDF output (pdfTeX)
\l__color_backend_stack_int=\count282
\l__pdf_internal_box=\box58
)

LaTeX Warning: Unused global option(s):
    [9pt].

(build/comparison_table.aux)
\openout1 = `comparison_table.aux'.

LaTeX Font Info:    Checking defaults for OML/cmm/m/it on input line 18.
LaTeX Font Info:    ... okay on input line 18.
LaTeX Font Info:    Checking defaults for OMS/cmsy/m/n on input line 18.
LaTeX Font Info:    ... okay on input line 18.
LaTeX Font Info:    Checking defaults for OT1/cmr/m/n on input line 18.
LaTeX Font Info:    ... okay on input line 18.
LaTeX Font Info:    Checking defaults for T1/cmr/m/n on input line 18.
LaTeX Font Info:    ... okay on input line 18.
LaTeX Font Info:    Checking defaults for TS1/cmr/m/n on input line 18.
LaTeX Font Info:    ... okay on input line 18.
LaTeX Font Info:    Checking defaults for OMX/cmex/m/n on input line 18.
LaTeX Font Info:    ... okay on input line 18.
LaTeX Font Info:    Checking defaults for U/cmr/m/n on input line 18.
LaTeX Font Info:    ... okay on input line 18.
LaTeX Font Info:    Checking defaults for PD1/pdf/m/n on input line 18.
LaTeX Font Info:    ... okay on input line 18.
LaTeX Font Info:    Checking defaults for PU/pdf/m/n on input line 18.
LaTeX Font Info:    ... okay on input line 18.

*geometry* driver: auto-detecting
*geometry* detected driver: pdftex
*geometry* verbose mode - [ preamble ] result:
* driver: pdftex
* paper: <default>
* layout: <same size as paper>
* layoutoffset:(h,v)=(0.0pt,0.0pt)
* modes: landscape 
* h-part:(L,W,R)=(39.74872pt, 715.47255pt, 39.74872pt)
* v-part:(T,H,B)=(39.74872pt, 534.79756pt, 39.74872pt)
* \paperwidth=794.96999pt
* \paperheight=614.295pt
* \textwidth=715.47255pt
* \textheight=534.79756pt
* \oddsidemargin=-32.52127pt
* \evensidemargin=-32.52127pt
* \topmargin=-69.52127pt
* \headheight=12.0pt
* \headsep=25.0pt
* \topskip=10.0pt
* \footskip=30.0pt
* \marginparwidth=65.0pt
* \marginparsep=11.0pt
* \columnsep=10.0pt
* \skip\footins=9.0pt plus 4.0pt minus 2.0pt
* \hoffset=0.0pt
* \voffset=0.0pt
* \mag=1000
* \@twocolumnfalse
* \@twosidefalse
* \@mparswitchfalse
* \@reversemarginfalse
* (1in=72.27pt=25.4mm, 1cm=28.453pt)

Package hyperref Info: Link coloring OFF on input line 18.
(build/comparison_table.out) (build/comparison_table.out)
\@outlinefile=\write3
\openout3 = `comparison_table.out'.

LaTeX Font Info:    External font `cmex10' loaded for size
(Font)              <12> on input line 20.
LaTeX Font Info:    External font `cmex10' loaded for size
(Font)              <8> on input line 20.
LaTeX Font Info:    External font `cmex10' loaded for size
(Font)              <6> on input line 20.

Underfull \hbox (badness 10000) in paragraph at lines 26--26
[]|\OT1/cmr/m/n/7 Dataset scale re-
 []


Overfull \hbox (5.3194pt too wide) in alignment at lines 24--28
 [] [] [] [] [] [] [] 
 []


Underfull \hbox (badness 10000) in paragraph at lines 30--30
[]|\OT1/cmr/m/n/7 Dataset scale re-
 []


Overfull \hbox (5.3194pt too wide) in alignment at lines 28--32
 [] [] [] [] [] [] [] 
 []


Underfull \hbox (badness 10000) in paragraph at lines 34--34
[]|\OT1/cmr/m/n/7 95.8% can-cer vs.
 []


Underfull \hbox (badness 10000) in paragraph at lines 36--36
[]|\OT1/cmr/m/n/7 RBF-kernel SVM
 []


Underfull \hbox (badness 10000) in paragraph at lines 36--36
\OT1/cmr/m/n/7 with chi-square
 []


Underfull \hbox (badness 2573) in paragraph at lines 36--36
\OT1/cmr/m/n/7 cu-racy; 0.95 AUC
 []


Underfull \hbox (badness 3449) in paragraph at lines 36--36
\OT1/cmr/m/n/7 and 90% ac-cu-racy
 []


Underfull \hbox (badness 10000) in paragraph at lines 36--37
\OT1/cmr/m/n/7 patch clas-si-fi-ca-tion from an-no-ta-tion
 []


Underfull \hbox (badness 2050) in paragraph at lines 38--38
[]|\OT1/cmr/m/n/7 80 train-ing im-ages
 []


Underfull \hbox (badness 10000) in paragraph at lines 38--38
[]|\OT1/cmr/m/n/7 96.7% ac-cu-racy,
 []


Underfull \hbox (badness 10000) in paragraph at lines 38--38
\OT1/cmr/m/n/7 95% sen-si-tiv-ity,
 []


Underfull \hbox (badness 10000) in paragraph at lines 40--40
[]|\OT1/cmr/m/n/7 CAD clas-si-fi-ca-tion
 []


Underfull \hbox (badness 10000) in paragraph at lines 40--40
[]|\OT1/cmr/m/n/7 Validated by
 []


Underfull \hbox (badness 10000) in paragraph at lines 40--40
\OT1/cmr/m/n/7 ROC/AUC on
 []


Underfull \hbox (badness 10000) in paragraph at lines 42--42
[]|\OT1/cmr/m/n/7 Multiple clas-si-cal
 []


Underfull \hbox (badness 3128) in paragraph at lines 42--42
\OT1/cmr/m/n/7 clas-si-fiers in-clud-ing
 []


Underfull \hbox (badness 10000) in paragraph at lines 44--44
[]|\OT1/cmr/m/n/7 20 pa-tients, 135
 []


Underfull \hbox (badness 10000) in paragraph at lines 44--44
[]|\OT1/cmr/m/n/7 96.8% ac-cu-racy
 []


Underfull \hbox (badness 10000) in paragraph at lines 44--44
\OT1/cmr/m/n/7 when com-bin-ing
 []


Underfull \hbox (badness 10000) in paragraph at lines 44--45
[]|\OT1/cmr/m/n/7 Very close in spirit: patch ex-
 []


Underfull \hbox (badness 7397) in paragraph at lines 44--45
\OT1/cmr/m/n/7 trac-tion, small pa-tient count, tex-
 []


Underfull \hbox (badness 2591) in paragraph at lines 44--45
\OT1/cmr/m/n/7 con-vo-lu-tional ker-nel re-sponses, MMR
 []


Underfull \hbox (badness 10000) in paragraph at lines 46--46
[]|\OT1/cmr/m/n/7 Histopathology
 []


Underfull \hbox (badness 10000) in paragraph at lines 46--46
\OT1/cmr/m/n/7 dataset; pa-
 []


Underfull \hbox (badness 10000) in paragraph at lines 46--46
\OT1/cmr/m/n/7 per em-pha-sizes
 []


Underfull \hbox (badness 10000) in paragraph at lines 46--46
\OT1/cmr/m/n/7 small/medium
 []


Underfull \hbox (badness 10000) in paragraph at lines 46--46
[]|\OT1/cmr/m/n/7 Deep AlexNet fea-tures
 []


Underfull \hbox (badness 2478) in paragraph at lines 46--46
\OT1/cmr/m/n/7 LBP, Ga-bor, and MRF
 []


Underfull \hbox (badness 10000) in paragraph at lines 46--46
[]|\OT1/cmr/m/n/7 Hybrid deep-plus-
 []


Underfull \hbox (badness 10000) in paragraph at lines 46--46
[]|\OT1/cmr/m/n/7 Fusion out-per-
 []


Underfull \hbox (badness 10000) in paragraph at lines 46--46
\OT1/cmr/m/n/7 formed AlexNet
 []


Underfull \hbox (badness 10000) in paragraph at lines 46--46
\OT1/cmr/m/n/7 alone and sin-gle
 []


Underfull \hbox (badness 10000) in paragraph at lines 48--48
[]|\OT1/cmr/m/n/7 Two small breast
 []


Underfull \hbox (badness 10000) in paragraph at lines 48--48
\OT1/cmr/m/n/7 can-cer datasets,
 []


Underfull \hbox (badness 10000) in paragraph at lines 48--48
\OT1/cmr/m/n/7 in-clud-ing SQUH
 []


Underfull \hbox (badness 10000) in paragraph at lines 48--48
\OT1/cmr/m/n/7 and BreaKHis
 []


Underfull \hbox (badness 10000) in paragraph at lines 48--48
[]|\OT1/cmr/m/n/7 Feed-forward fil-ters
 []


Underfull \hbox (badness 10000) in paragraph at lines 48--48
\OT1/cmr/m/n/7 learned out-side back-
 []


Underfull \hbox (badness 10000) in paragraph at lines 48--48
\OT1/cmr/m/n/7 propagation by lo-gis-tic
 []


Underfull \hbox (badness 10000) in paragraph at lines 48--48
[]|\OT1/cmr/m/n/7 Faster train-ing
 []


Underfull \hbox (badness 10000) in paragraph at lines 48--48
\OT1/cmr/m/n/7 and stronger
 []


Underfull \hbox (badness 10000) in paragraph at lines 48--48
\OT1/cmr/m/n/7 per-for-mance
 []


Underfull \hbox (badness 10000) in paragraph at lines 48--48
\OT1/cmr/m/n/7 than VGGNet-
 []


Underfull \hbox (badness 10000) in paragraph at lines 48--48
\OT1/cmr/m/n/7 16/ResNet-50 on
 []


Underfull \hbox (badness 2547) in paragraph at lines 48--48
\OT1/cmr/m/n/7 SQUH in re-ported
 []


Underfull \hbox (badness 10000) in paragraph at lines 52--52
[]|\OT1/cmr/m/n/7 Breast med-i-cal im-age
 []


Underfull \hbox (badness 10000) in paragraph at lines 52--52
[]|\OT1/cmr/m/n/7 10,070 ex-tracted
 []


Underfull \hbox (badness 2662) in paragraph at lines 52--52
\OT1/cmr/m/n/7 patches from lo-cal
 []


Underfull \hbox (badness 10000) in paragraph at lines 52--52
\OT1/cmr/m/n/7 ma-lig-nant/normal
 []


Underfull \hbox (badness 7504) in paragraph at lines 52--52
\OT1/cmr/m/n/7 TIFF im-ages and
 []


Underfull \hbox (badness 1097) in paragraph at lines 52--52
\OT1/cmr/m/n/7 nel re-sponses; MMR se-
 []


Underfull \hbox (badness 1418) in paragraph at lines 52--52
\OT1/cmr/m/n/7 pling; ra-dial, com-pos-ite,
 []


Underfull \hbox (badness 6526) in paragraph at lines 52--52
\OT1/cmr/m/n/7 base-line for ref-er-
 []


Underfull \hbox (badness 10000) in paragraph at lines 52--52
\OT1/cmr/m/n/7 AUC and 0.8866
 []


Underfull \hbox (badness 10000) in paragraph at lines 52--52
\OT1/cmr/m/n/7 AUC and 0.9021
 []


Underfull \hbox (badness 10000) in paragraph at lines 52--53
[]|\OT1/cmr/m/n/7 Combines clas-si-cal in-ter-pretabil-ity
 []


Underfull \hbox (badness 8189) in paragraph at lines 52--53
\OT1/cmr/m/n/7 with sys-tem-atic kernel-bank gen-er-a-
 []


Underfull \hbox (badness 4001) in paragraph at lines 52--53
\OT1/cmr/m/n/7 tion, patient-level split-ting, com-pact
 []


Underfull \hbox (badness 1910) in paragraph at lines 52--53
\OT1/cmr/m/n/7 ab-la-tions, heatmap vi-su-al-iza-tion, and
 []


Underfull \hbox (badness 6792) in paragraph at lines 52--53
\OT1/cmr/m/n/7 com-par-i-son against a learned CNN
 []


Overfull \hbox (5.3194pt too wide) in alignment at lines 32--55
 [] [] [] [] [] [] [] 
 []

[1

{/var/lib/texmf/fonts/map/pdftex/updmap/pdftex.map}]
LaTeX Font Info:    External font `cmex10' loaded for size
(Font)              <7> on input line 71.
LaTeX Font Info:    External font `cmex10' loaded for size
(Font)              <5> on input line 71.
 [2] (build/comparison_table.aux)
Package rerunfilecheck Info: File `comparison_table.out' has not changed.
(rerunfilecheck)             Checksum: D41D8CD98F00B204E9800998ECF8427E;0.
 ) 
Here is how much of TeX's memory you used:
 8066 strings out of 477975
 129016 string characters out of 5839281
 1887330 words of memory out of 5000000
 28126 multiletter control sequences out of 15000+600000
 516748 words of font info for 47 fonts, out of 8000000 for 9000
 59 hyphenation exceptions out of 8191
 75i,6n,76p,748b,523s stack positions out of 10000i,1000n,20000p,200000b,200000s
</usr/share/texlive/texmf-dist/fonts/type1/public/amsfonts/cm/cmbx12.pfb></usr/share/texlive/texmf-dist/fonts/type1/public/amsfonts/cm/cmr10.pfb></usr/share/texlive/texmf-dist/fonts/type1/public/amsfonts/cm/cmr7.pfb></usr/share/texlive/texmf-dist/fonts/type1/public/amsfonts/cm/cmti10.pfb></usr/share/texlive/texmf-dist/fonts/type1/public/amsfonts/cm/cmtt10.pfb>
Output written on build/comparison_table.pdf (2 pages, 97159 bytes).
PDF statistics:
 66 PDF objects out of 1000 (max. 8388607)
 51 compressed objects within 1 object stream
 15 named destinations out of 1000 (max. 500000)
 1 words of extra memory for PDF output out of 10000 (max. 10000000)

